test_real_fresh_worker_checks_pidfds_but_receipt_never_grants_gpu_authority (tests.test_frontier_v8_live_host.LiveHostLinuxTests.test_real_fresh_worker_checks_pidfds_but_receipt_never_grants_gpu_authority) ... skipped 'Real Linux pidfd CPU preallocation fixture'
test_acquisition_race_fails_after_pidfds_without_issuing_authority (tests.test_frontier_v8_live_host.LiveHostUnitTests.test_acquisition_race_fails_after_pidfds_without_issuing_authority) ... ok
test_alias_ip_and_hostname_are_checked_before_gpu_or_lease (tests.test_frontier_v8_live_host.LiveHostUnitTests.test_alias_ip_and_hostname_are_checked_before_gpu_or_lease) ... ok
test_bound_guard_nonce_birth_and_ancestry_are_rechecked (tests.test_frontier_v8_live_host.LiveHostUnitTests.test_bound_guard_nonce_birth_and_ancestry_are_rechecked) ... ok
test_bound_loader_source_executes_instead_of_forged_timestamp_pyc (tests.test_frontier_v8_live_host.LiveHostUnitTests.test_bound_loader_source_executes_instead_of_forged_timestamp_pyc) ... ok
test_closed_descriptor_is_detected_and_close_preserves_reservation (tests.test_frontier_v8_live_host.LiveHostUnitTests.test_closed_descriptor_is_detected_and_close_preserves_reservation) ... ok
test_controller_birth_uid_boot_or_bound_exit_invalidates_owner (tests.test_frontier_v8_live_host.LiveHostUnitTests.test_controller_birth_uid_boot_or_bound_exit_invalidates_owner) ... ok
test_current_guard_identity_nonce_and_direct_fresh_session_are_required (tests.test_frontier_v8_live_host.LiveHostUnitTests.test_current_guard_identity_nonce_and_direct_fresh_session_are_required) ... ok
test_deadline_precedes_process_gpu_reads_and_delayed_probe_is_rechecked (tests.test_frontier_v8_live_host.LiveHostUnitTests.test_deadline_precedes_process_gpu_reads_and_delayed_probe_is_rechecked) ... ok
test_host_loss_and_new_selected_compute_invalidate_existing_owner (tests.test_frontier_v8_live_host.LiveHostUnitTests.test_host_loss_and_new_selected_compute_invalidate_existing_owner) ... ok
test_owned_deadline_expiry_stops_before_fresh_probe_and_clock_errors_stay_distinct (tests.test_frontier_v8_live_host.LiveHostUnitTests.test_owned_deadline_expiry_stops_before_fresh_probe_and_clock_errors_stay_distinct) ... ok
test_positive_fixture_is_immutable_check_only_and_cannot_be_promoted (tests.test_frontier_v8_live_host.LiveHostUnitTests.test_positive_fixture_is_immutable_check_only_and_cannot_be_promoted) ... ok
test_private_lease_flock_inode_and_exact_marker_bytes_are_required (tests.test_frontier_v8_live_host.LiveHostUnitTests.test_private_lease_flock_inode_and_exact_marker_bytes_are_required) ... ok
test_production_cli_and_unissued_owner_remain_closed (tests.test_frontier_v8_live_host.LiveHostUnitTests.test_production_cli_and_unissued_owner_remain_closed) ... ok
test_protected_compute_birth_and_command_bytes_are_bound (tests.test_frontier_v8_live_host.LiveHostUnitTests.test_protected_compute_birth_and_command_bytes_are_bound) ... ok
test_protected_unknown_non_h100_and_occupied_selected_gpus_are_refused (tests.test_frontier_v8_live_host.LiveHostUnitTests.test_protected_unknown_non_h100_and_occupied_selected_gpus_are_refused) ... ok
test_public_lease_permissions_are_refused_before_marker (tests.test_frontier_v8_live_host.LiveHostUnitTests.test_public_lease_permissions_are_refused_before_marker) ... ok
test_real_host_reader_uses_hostname_and_only_local_fib_addresses (tests.test_frontier_v8_live_host.LiveHostUnitTests.test_real_host_reader_uses_hostname_and_only_local_fib_addresses) ... ok
test_selected_and_protected_uuid_mutation_invalidates_existing_owner (tests.test_frontier_v8_live_host.LiveHostUnitTests.test_selected_and_protected_uuid_mutation_invalidates_existing_owner) ... ok
test_selected_gpu_requires_idle_memory_and_utilization_measurements (tests.test_frontier_v8_live_host.LiveHostUnitTests.test_selected_gpu_requires_idle_memory_and_utilization_measurements) ... ok
test_source_hash_mismatch_and_source_overlapping_lease_fail_before_reservation (tests.test_frontier_v8_live_host.LiveHostUnitTests.test_source_hash_mismatch_and_source_overlapping_lease_fail_before_reservation) ... ok
test_source_receipt_dependency_and_stage_mutations_are_refused (tests.test_frontier_v8_live_host.LiveHostUnitTests.test_source_receipt_dependency_and_stage_mutations_are_refused) ... ok
test_strict_spec_rejects_borrowed_routes_and_unbounded_or_untyped_values (tests.test_frontier_v8_live_host.LiveHostUnitTests.test_strict_spec_rejects_borrowed_routes_and_unbounded_or_untyped_values) ... ok
test_wrong_stage_attempt_source_and_cuda_flag_are_refused_even_when_rehashed (tests.test_frontier_v8_live_host.LiveHostUnitTests.test_wrong_stage_attempt_source_and_cuda_flag_are_refused_even_when_rehashed) ... ok

----------------------------------------------------------------------
Ran 24 tests in 0.153s

OK (skipped=1)
