Traceback (most recent call last):
  File "/data/zefan/open-jev-boundary-v7-comparison-s1-20261003/preflight_cpu_s1_guarded.py", line 196, in <module>
    main()
  File "/data/zefan/open-jev-boundary-v7-comparison-s1-20261003/preflight_cpu_s1_guarded.py", line 172, in main
    runpy.run_module('scripts.run_boundary_comparison_supplement_v7', run_name='__main__')
  File "<frozen runpy>", line 229, in run_module
  File "<frozen runpy>", line 88, in _run_code
  File "/data/zefan/open-jev-boundary-v7-comparison-s1-20261003/evaluation-source/scripts/run_boundary_comparison_supplement_v7.py", line 285, in <module>
    main()
  File "/data/zefan/open-jev-boundary-v7-comparison-s1-20261003/evaluation-source/scripts/run_boundary_comparison_supplement_v7.py", line 280, in main
    result = execute(parser.parse_args())
             ^^^^^^^^^^^^^^^^^^^^^^^^^^^^
  File "/data/zefan/open-jev-boundary-v7-comparison-s1-20261003/evaluation-source/scripts/run_boundary_comparison_supplement_v7.py", line 247, in execute
    request, compared, preflight = prepare(args)
                                   ^^^^^^^^^^^^^
  File "/data/zefan/open-jev-boundary-v7-comparison-s1-20261003/evaluation-source/scripts/run_boundary_comparison_supplement_v7.py", line 136, in prepare
    _, rows, _, _, inputs = prepare_comparison(compared)
                            ^^^^^^^^^^^^^^^^^^^^^^^^^^^^
  File "/data/zefan/open-jev-boundary-v7-comparison-s1-20261003/evaluation-source/scripts/compare_boundary_training_v7.py", line 82, in prepare
    return _prepare(args)
           ^^^^^^^^^^^^^^
  File "/data/zefan/open-jev-boundary-v7-comparison-s1-20261003/evaluation-source/scripts/compare_boundary_training_v7.py", line 97, in _prepare
    source = source_identity(args.expected_commit)
             ^^^^^^^^^^^^^^^^^^^^^^^^^^^^^^^^^^^^^
  File "/data/zefan/open-jev-boundary-v7-comparison-s1-20261003/evaluation-source/scripts/compare_boundary_training_v7.py", line 64, in source_identity
    if name in FROZEN_FILES and content != subprocess.check_output(
                                           ^^^^^^^^^^^^^^^^^^^^^^^^
  File "/home/sigma/miniconda3/envs/llm_env/lib/python3.11/subprocess.py", line 466, in check_output
    return run(*popenargs, stdout=PIPE, timeout=timeout, check=True,
           ^^^^^^^^^^^^^^^^^^^^^^^^^^^^^^^^^^^^^^^^^^^^^^^^^^^^^^^^^
  File "/home/sigma/miniconda3/envs/llm_env/lib/python3.11/subprocess.py", line 571, in run
    raise CalledProcessError(retcode, process.args,
subprocess.CalledProcessError: Command '['git', '-C', '/data/zefan/open-jev-boundary-v7-comparison-s1-20261003/evaluation-source', 'show', '87eb8b419685d272f059b3696e0f547e47ebdcc6:scripts/compare_policy_training_v6.py']' returned non-zero exit status 128.
