Traceback (most recent call last):
  File "/data/zefan/open-jev-boundary-v7-comparison-s1-20261003/preflight_cpu_s1_guarded.py", line 196, in <module>
    main()
  File "/data/zefan/open-jev-boundary-v7-comparison-s1-20261003/preflight_cpu_s1_guarded.py", line 172, in main
    runpy.run_module('scripts.run_boundary_comparison_supplement_v7', run_name='__main__')
  File "<frozen runpy>", line 229, in run_module
  File "<frozen runpy>", line 88, in _run_code
  File "/data/zefan/open-jev-boundary-v7-comparison-s1-20261003/evaluation-source/scripts/run_boundary_comparison_supplement_v7.py", line 285, in <module>
    main()
  File "/data/zefan/open-jev-boundary-v7-comparison-s1-20261003/evaluation-source/scripts/run_boundary_comparison_supplement_v7.py", line 280, in main
    result = execute(parser.parse_args())
             ^^^^^^^^^^^^^^^^^^^^^^^^^^^^
  File "/data/zefan/open-jev-boundary-v7-comparison-s1-20261003/evaluation-source/scripts/run_boundary_comparison_supplement_v7.py", line 247, in execute
    request, compared, preflight = prepare(args)
                                   ^^^^^^^^^^^^^
  File "/data/zefan/open-jev-boundary-v7-comparison-s1-20261003/evaluation-source/scripts/run_boundary_comparison_supplement_v7.py", line 136, in prepare
    _, rows, _, _, inputs = prepare_comparison(compared)
                            ^^^^^^^^^^^^^^^^^^^^^^^^^^^^
  File "/data/zefan/open-jev-boundary-v7-comparison-s1-20261003/evaluation-source/scripts/compare_boundary_training_v7.py", line 82, in prepare
    return _prepare(args)
           ^^^^^^^^^^^^^^
  File "/data/zefan/open-jev-boundary-v7-comparison-s1-20261003/evaluation-source/scripts/compare_boundary_training_v7.py", line 202, in _prepare
    supplemental = validate_supplement(args, receipt, request, output)
                   ^^^^^^^^^^^^^^^^^^^^^^^^^^^^^^^^^^^^^^^^^^^^^^^^^^^
  File "/data/zefan/open-jev-boundary-v7-comparison-s1-20261003/evaluation-source/scripts/run_boundary_comparison_supplement_v7.py", line 72, in validate_supplement
    require(not path.parent.is_relative_to(old) and not old.is_relative_to(path.parent),
  File "/data/zefan/open-jev-boundary-v7-comparison-s1-20261003/evaluation-source/scripts/run_boundary_training_v7.py", line 27, in require
    raise ValueError(message)
ValueError: Supplement task overlaps original evidence or source
