Processing ./open_jev-0.1.0.dev0-py3-none-any.whl (from open-jev==0.1.0.dev0)
Requirement already satisfied: torch>=2.8 in ./venv/lib/python3.11/site-packages (from open-jev==0.1.0.dev0->open-jev==0.1.0.dev0) (2.8.0+cu128)
Collecting transformers==5.10.2 (from open-jev==0.1.0.dev0->open-jev==0.1.0.dev0)
  Using cached transformers-5.10.2-py3-none-any.whl.metadata (33 kB)
Collecting peft==0.19.1 (from open-jev==0.1.0.dev0->open-jev==0.1.0.dev0)
  Downloading peft-0.19.1-py3-none-any.whl.metadata (15 kB)
Collecting accelerate==1.13.0 (from open-jev==0.1.0.dev0->open-jev==0.1.0.dev0)
  Using cached accelerate-1.13.0-py3-none-any.whl.metadata (19 kB)
Collecting datasets==5.0.0 (from open-jev==0.1.0.dev0->open-jev==0.1.0.dev0)
  Using cached datasets-5.0.0-py3-none-any.whl.metadata (23 kB)
Collecting safetensors (from open-jev==0.1.0.dev0->open-jev==0.1.0.dev0)
  Downloading safetensors-0.7.0-cp38-abi3-manylinux_2_17_x86_64.manylinux2014_x86_64.whl.metadata (4.1 kB)
Requirement already satisfied: triton<4,>=3.4 in ./venv/lib/python3.11/site-packages (from open-jev==0.1.0.dev0->open-jev==0.1.0.dev0) (3.4.0)
Collecting ninja (from open-jev==0.1.0.dev0->open-jev==0.1.0.dev0)
  Downloading ninja-1.13.0-py3-none-manylinux2014_x86_64.manylinux_2_17_x86_64.whl.metadata (5.1 kB)
Collecting flash-linear-attention==0.5.2 (from open-jev==0.1.0.dev0->open-jev==0.1.0.dev0)
  Using cached flash_linear_attention-0.5.2-py3-none-any.whl.metadata (45 kB)
Collecting numpy>=1.17 (from accelerate==1.13.0->open-jev==0.1.0.dev0->open-jev==0.1.0.dev0)
  Using cached numpy-2.4.6-cp311-cp311-manylinux_2_27_x86_64.manylinux_2_28_x86_64.whl.metadata (6.6 kB)
Collecting packaging>=20.0 (from accelerate==1.13.0->open-jev==0.1.0.dev0->open-jev==0.1.0.dev0)
  Using cached packaging-26.3-py3-none-any.whl.metadata (3.5 kB)
Collecting psutil (from accelerate==1.13.0->open-jev==0.1.0.dev0->open-jev==0.1.0.dev0)
  Using cached psutil-7.2.2-cp36-abi3-manylinux2010_x86_64.manylinux_2_12_x86_64.manylinux_2_28_x86_64.whl.metadata (22 kB)
Collecting pyyaml (from accelerate==1.13.0->open-jev==0.1.0.dev0->open-jev==0.1.0.dev0)
  Using cached pyyaml-6.0.3-cp311-cp311-manylinux2014_x86_64.manylinux_2_17_x86_64.manylinux_2_28_x86_64.whl.metadata (2.4 kB)
Collecting huggingface_hub>=0.21.0 (from accelerate==1.13.0->open-jev==0.1.0.dev0->open-jev==0.1.0.dev0)
  Downloading huggingface_hub-2.1.1-py3-none-any.whl.metadata (16 kB)
Requirement already satisfied: filelock in ./venv/lib/python3.11/site-packages (from datasets==5.0.0->open-jev==0.1.0.dev0->open-jev==0.1.0.dev0) (3.32.3)
Collecting pyarrow>=21.0.0 (from datasets==5.0.0->open-jev==0.1.0.dev0->open-jev==0.1.0.dev0)
  Downloading pyarrow-25.0.1-cp311-cp311-manylinux_2_28_x86_64.whl.metadata (3.0 kB)
Collecting dill<0.4.2,>=0.3.0 (from datasets==5.0.0->open-jev==0.1.0.dev0->open-jev==0.1.0.dev0)
  Using cached dill-0.4.1-py3-none-any.whl.metadata (10 kB)
Collecting pandas (from datasets==5.0.0->open-jev==0.1.0.dev0->open-jev==0.1.0.dev0)
  Downloading pandas-3.0.6-cp311-cp311-manylinux_2_24_x86_64.manylinux_2_28_x86_64.whl.metadata (79 kB)
     ━━━━━━━━━━━━━━━━━━━━━━━━━━━━━━━━━━━━━━━━ 79.5/79.5 kB 5.0 MB/s eta 0:00:00
Collecting requests>=2.32.2 (from datasets==5.0.0->open-jev==0.1.0.dev0->open-jev==0.1.0.dev0)
  Using cached requests-2.34.2-py3-none-any.whl.metadata (4.8 kB)
Collecting httpx<1.0.0 (from datasets==5.0.0->open-jev==0.1.0.dev0->open-jev==0.1.0.dev0)
  Using cached httpx-0.28.1-py3-none-any.whl.metadata (7.1 kB)
Collecting tqdm>=4.66.3 (from datasets==5.0.0->open-jev==0.1.0.dev0->open-jev==0.1.0.dev0)
  Using cached tqdm-4.70.1-py3-none-any.whl.metadata (57 kB)
Collecting xxhash (from datasets==5.0.0->open-jev==0.1.0.dev0->open-jev==0.1.0.dev0)
  Downloading xxhash-4.0.1-cp311-cp311-manylinux2014_x86_64.manylinux_2_17_x86_64.manylinux_2_28_x86_64.whl.metadata (17 kB)
Collecting multiprocess<0.70.20 (from datasets==5.0.0->open-jev==0.1.0.dev0->open-jev==0.1.0.dev0)
  Downloading multiprocess-0.70.19-py311-none-any.whl.metadata (7.5 kB)
Collecting fsspec<=2026.4.0,>=2023.1.0 (from fsspec[http]<=2026.4.0,>=2023.1.0->datasets==5.0.0->open-jev==0.1.0.dev0->open-jev==0.1.0.dev0)
  Using cached fsspec-2026.4.0-py3-none-any.whl.metadata (10 kB)
Collecting huggingface_hub>=0.21.0 (from accelerate==1.13.0->open-jev==0.1.0.dev0->open-jev==0.1.0.dev0)
  Downloading huggingface_hub-1.33.0-py3-none-any.whl.metadata (16 kB)
Collecting fla-core==0.5.2 (from flash-linear-attention==0.5.2->open-jev==0.1.0.dev0->open-jev==0.1.0.dev0)
  Using cached fla_core-0.5.2-py3-none-any.whl.metadata (45 kB)
Collecting regex>=2025.10.22 (from transformers==5.10.2->open-jev==0.1.0.dev0->open-jev==0.1.0.dev0)
  Downloading regex-2026.9.29-cp311-cp311-manylinux2014_x86_64.manylinux_2_17_x86_64.manylinux_2_28_x86_64.whl.metadata (40 kB)
     ━━━━━━━━━━━━━━━━━━━━━━━━━━━━━━━━━━━━━━━━ 40.6/40.6 kB 1.9 MB/s eta 0:00:00
Collecting tokenizers<=0.23.0,>=0.22.0 (from transformers==5.10.2->open-jev==0.1.0.dev0->open-jev==0.1.0.dev0)
  Using cached tokenizers-0.22.2-cp39-abi3-manylinux_2_17_x86_64.manylinux2014_x86_64.whl.metadata (7.3 kB)
Collecting typer (from transformers==5.10.2->open-jev==0.1.0.dev0->open-jev==0.1.0.dev0)
  Using cached typer-0.27.2-py3-none-any.whl.metadata (16 kB)
Collecting einops (from fla-core==0.5.2->flash-linear-attention==0.5.2->open-jev==0.1.0.dev0->open-jev==0.1.0.dev0)
  Using cached einops-0.8.2-py3-none-any.whl.metadata (13 kB)
Requirement already satisfied: typing-extensions>=4.10.0 in ./venv/lib/python3.11/site-packages (from torch>=2.8->open-jev==0.1.0.dev0->open-jev==0.1.0.dev0) (4.16.0)
Requirement already satisfied: sympy>=1.13.3 in ./venv/lib/python3.11/site-packages (from torch>=2.8->open-jev==0.1.0.dev0->open-jev==0.1.0.dev0) (1.14.0)
Requirement already satisfied: networkx in ./venv/lib/python3.11/site-packages (from torch>=2.8->open-jev==0.1.0.dev0->open-jev==0.1.0.dev0) (3.6.1)
Requirement already satisfied: jinja2 in ./venv/lib/python3.11/site-packages (from torch>=2.8->open-jev==0.1.0.dev0->open-jev==0.1.0.dev0) (3.1.6)
Requirement already satisfied: nvidia-cuda-nvrtc-cu12==12.8.93 in ./venv/lib/python3.11/site-packages (from torch>=2.8->open-jev==0.1.0.dev0->open-jev==0.1.0.dev0) (12.8.93)
Requirement already satisfied: nvidia-cuda-runtime-cu12==12.8.90 in ./venv/lib/python3.11/site-packages (from torch>=2.8->open-jev==0.1.0.dev0->open-jev==0.1.0.dev0) (12.8.90)
Requirement already satisfied: nvidia-cuda-cupti-cu12==12.8.90 in ./venv/lib/python3.11/site-packages (from torch>=2.8->open-jev==0.1.0.dev0->open-jev==0.1.0.dev0) (12.8.90)
Requirement already satisfied: nvidia-cudnn-cu12==9.10.2.21 in ./venv/lib/python3.11/site-packages (from torch>=2.8->open-jev==0.1.0.dev0->open-jev==0.1.0.dev0) (9.10.2.21)
Requirement already satisfied: nvidia-cublas-cu12==12.8.4.1 in ./venv/lib/python3.11/site-packages (from torch>=2.8->open-jev==0.1.0.dev0->open-jev==0.1.0.dev0) (12.8.4.1)
Requirement already satisfied: nvidia-cufft-cu12==11.3.3.83 in ./venv/lib/python3.11/site-packages (from torch>=2.8->open-jev==0.1.0.dev0->open-jev==0.1.0.dev0) (11.3.3.83)
Requirement already satisfied: nvidia-curand-cu12==10.3.9.90 in ./venv/lib/python3.11/site-packages (from torch>=2.8->open-jev==0.1.0.dev0->open-jev==0.1.0.dev0) (10.3.9.90)
Requirement already satisfied: nvidia-cusolver-cu12==11.7.3.90 in ./venv/lib/python3.11/site-packages (from torch>=2.8->open-jev==0.1.0.dev0->open-jev==0.1.0.dev0) (11.7.3.90)
Requirement already satisfied: nvidia-cusparse-cu12==12.5.8.93 in ./venv/lib/python3.11/site-packages (from torch>=2.8->open-jev==0.1.0.dev0->open-jev==0.1.0.dev0) (12.5.8.93)
Requirement already satisfied: nvidia-cusparselt-cu12==0.7.1 in ./venv/lib/python3.11/site-packages (from torch>=2.8->open-jev==0.1.0.dev0->open-jev==0.1.0.dev0) (0.7.1)
Requirement already satisfied: nvidia-nccl-cu12==2.27.3 in ./venv/lib/python3.11/site-packages (from torch>=2.8->open-jev==0.1.0.dev0->open-jev==0.1.0.dev0) (2.27.3)
Requirement already satisfied: nvidia-nvtx-cu12==12.8.90 in ./venv/lib/python3.11/site-packages (from torch>=2.8->open-jev==0.1.0.dev0->open-jev==0.1.0.dev0) (12.8.90)
Requirement already satisfied: nvidia-nvjitlink-cu12==12.8.93 in ./venv/lib/python3.11/site-packages (from torch>=2.8->open-jev==0.1.0.dev0->open-jev==0.1.0.dev0) (12.8.93)
Requirement already satisfied: nvidia-cufile-cu12==1.13.1.3 in ./venv/lib/python3.11/site-packages (from torch>=2.8->open-jev==0.1.0.dev0->open-jev==0.1.0.dev0) (1.13.1.3)
Requirement already satisfied: setuptools>=40.8.0 in ./venv/lib/python3.11/site-packages (from triton<4,>=3.4->open-jev==0.1.0.dev0->open-jev==0.1.0.dev0) (79.0.1)
Collecting aiohttp!=4.0.0a0,!=4.0.0a1 (from fsspec[http]<=2026.4.0,>=2023.1.0->datasets==5.0.0->open-jev==0.1.0.dev0->open-jev==0.1.0.dev0)
  Using cached aiohttp-3.14.3-cp311-cp311-manylinux2014_x86_64.manylinux_2_17_x86_64.manylinux_2_28_x86_64.whl.metadata (8.3 kB)
Collecting anyio (from httpx<1.0.0->datasets==5.0.0->open-jev==0.1.0.dev0->open-jev==0.1.0.dev0)
  Using cached anyio-4.15.1-py3-none-any.whl.metadata (4.7 kB)
Collecting certifi (from httpx<1.0.0->datasets==5.0.0->open-jev==0.1.0.dev0->open-jev==0.1.0.dev0)
  Using cached certifi-2026.7.22-py3-none-any.whl.metadata (2.5 kB)
Collecting httpcore==1.* (from httpx<1.0.0->datasets==5.0.0->open-jev==0.1.0.dev0->open-jev==0.1.0.dev0)
  Using cached httpcore-1.0.9-py3-none-any.whl.metadata (21 kB)
Collecting idna (from httpx<1.0.0->datasets==5.0.0->open-jev==0.1.0.dev0->open-jev==0.1.0.dev0)
  Using cached idna-3.20-py3-none-any.whl.metadata (7.2 kB)
Collecting h11>=0.16 (from httpcore==1.*->httpx<1.0.0->datasets==5.0.0->open-jev==0.1.0.dev0->open-jev==0.1.0.dev0)
  Using cached h11-0.16.0-py3-none-any.whl.metadata (8.3 kB)
Collecting click<9.0.0,>=8.4.2 (from huggingface_hub>=0.21.0->accelerate==1.13.0->open-jev==0.1.0.dev0->open-jev==0.1.0.dev0)
  Using cached click-8.5.0-py3-none-any.whl.metadata (2.6 kB)
Collecting hf-xet<2.0.0,>=1.6.0 (from huggingface_hub>=0.21.0->accelerate==1.13.0->open-jev==0.1.0.dev0->open-jev==0.1.0.dev0)
  Using cached hf_xet-1.6.0-cp38-abi3-manylinux2014_x86_64.manylinux_2_17_x86_64.whl.metadata (4.9 kB)
Collecting charset_normalizer<4,>=2 (from requests>=2.32.2->datasets==5.0.0->open-jev==0.1.0.dev0->open-jev==0.1.0.dev0)
  Downloading charset_normalizer-3.5.2-cp311-cp311-manylinux2014_x86_64.manylinux_2_17_x86_64.manylinux_2_28_x86_64.whl.metadata (46 kB)
     ━━━━━━━━━━━━━━━━━━━━━━━━━━━━━━━━━━━━━━━━ 46.4/46.4 kB 2.2 MB/s eta 0:00:00
Collecting urllib3<3,>=1.26 (from requests>=2.32.2->datasets==5.0.0->open-jev==0.1.0.dev0->open-jev==0.1.0.dev0)
  Using cached urllib3-2.8.0-py3-none-any.whl.metadata (7.4 kB)
Requirement already satisfied: mpmath<1.4,>=1.1.0 in ./venv/lib/python3.11/site-packages (from sympy>=1.13.3->torch>=2.8->open-jev==0.1.0.dev0->open-jev==0.1.0.dev0) (1.3.0)
Requirement already satisfied: MarkupSafe>=2.0 in ./venv/lib/python3.11/site-packages (from jinja2->torch>=2.8->open-jev==0.1.0.dev0->open-jev==0.1.0.dev0) (3.0.3)
Collecting python-dateutil>=2.8.2 (from pandas->datasets==5.0.0->open-jev==0.1.0.dev0->open-jev==0.1.0.dev0)
  Using cached python_dateutil-2.9.0.post0-py2.py3-none-any.whl.metadata (8.4 kB)
Collecting shellingham>=1.3.0 (from typer->transformers==5.10.2->open-jev==0.1.0.dev0->open-jev==0.1.0.dev0)
  Using cached shellingham-1.5.4-py2.py3-none-any.whl.metadata (3.5 kB)
Collecting rich>=13.8.0 (from typer->transformers==5.10.2->open-jev==0.1.0.dev0->open-jev==0.1.0.dev0)
  Using cached rich-15.0.0-py3-none-any.whl.metadata (18 kB)
Collecting annotated-doc>=0.0.2 (from typer->transformers==5.10.2->open-jev==0.1.0.dev0->open-jev==0.1.0.dev0)
  Using cached annotated_doc-0.0.5-py3-none-any.whl.metadata (6.5 kB)
Collecting aiohappyeyeballs>=2.5.0 (from aiohttp!=4.0.0a0,!=4.0.0a1->fsspec[http]<=2026.4.0,>=2023.1.0->datasets==5.0.0->open-jev==0.1.0.dev0->open-jev==0.1.0.dev0)
  Using cached aiohappyeyeballs-2.7.1-py3-none-any.whl.metadata (5.9 kB)
Collecting aiosignal>=1.4.0 (from aiohttp!=4.0.0a0,!=4.0.0a1->fsspec[http]<=2026.4.0,>=2023.1.0->datasets==5.0.0->open-jev==0.1.0.dev0->open-jev==0.1.0.dev0)
  Using cached aiosignal-1.4.0-py3-none-any.whl.metadata (3.7 kB)
Collecting attrs>=17.3.0 (from aiohttp!=4.0.0a0,!=4.0.0a1->fsspec[http]<=2026.4.0,>=2023.1.0->datasets==5.0.0->open-jev==0.1.0.dev0->open-jev==0.1.0.dev0)
  Using cached attrs-26.1.0-py3-none-any.whl.metadata (8.8 kB)
Collecting frozenlist>=1.1.1 (from aiohttp!=4.0.0a0,!=4.0.0a1->fsspec[http]<=2026.4.0,>=2023.1.0->datasets==5.0.0->open-jev==0.1.0.dev0->open-jev==0.1.0.dev0)
  Using cached frozenlist-1.8.0-cp311-cp311-manylinux1_x86_64.manylinux_2_28_x86_64.manylinux_2_5_x86_64.whl.metadata (20 kB)
Collecting multidict<7.0,>=4.5 (from aiohttp!=4.0.0a0,!=4.0.0a1->fsspec[http]<=2026.4.0,>=2023.1.0->datasets==5.0.0->open-jev==0.1.0.dev0->open-jev==0.1.0.dev0)
  Downloading multidict-6.9.1-cp311-cp311-manylinux2014_x86_64.manylinux_2_17_x86_64.manylinux_2_28_x86_64.whl.metadata (5.3 kB)
Collecting propcache>=0.2.0 (from aiohttp!=4.0.0a0,!=4.0.0a1->fsspec[http]<=2026.4.0,>=2023.1.0->datasets==5.0.0->open-jev==0.1.0.dev0->open-jev==0.1.0.dev0)
  Downloading propcache-0.5.4-cp311-cp311-manylinux2014_x86_64.manylinux_2_17_x86_64.manylinux_2_28_x86_64.whl.metadata (25 kB)
Collecting yarl<2.0,>=1.17.0 (from aiohttp!=4.0.0a0,!=4.0.0a1->fsspec[http]<=2026.4.0,>=2023.1.0->datasets==5.0.0->open-jev==0.1.0.dev0->open-jev==0.1.0.dev0)
  Downloading yarl-1.25.1-cp311-cp311-manylinux2014_x86_64.manylinux_2_17_x86_64.manylinux_2_28_x86_64.whl.metadata (111 kB)
     ━━━━━━━━━━━━━━━━━━━━━━━━━━━━━━━━━━━━━━━ 111.6/111.6 kB 8.5 MB/s eta 0:00:00
Collecting six>=1.5 (from python-dateutil>=2.8.2->pandas->datasets==5.0.0->open-jev==0.1.0.dev0->open-jev==0.1.0.dev0)
  Using cached six-1.17.0-py2.py3-none-any.whl.metadata (1.7 kB)
Collecting markdown-it-py>=2.2.0 (from rich>=13.8.0->typer->transformers==5.10.2->open-jev==0.1.0.dev0->open-jev==0.1.0.dev0)
  Using cached markdown_it_py-4.2.0-py3-none-any.whl.metadata (7.4 kB)
Collecting pygments<3.0.0,>=2.13.0 (from rich>=13.8.0->typer->transformers==5.10.2->open-jev==0.1.0.dev0->open-jev==0.1.0.dev0)
  Using cached pygments-2.21.0-py3-none-any.whl.metadata (2.5 kB)
Collecting mdurl~=0.1 (from markdown-it-py>=2.2.0->rich>=13.8.0->typer->transformers==5.10.2->open-jev==0.1.0.dev0->open-jev==0.1.0.dev0)
  Using cached mdurl-0.1.2-py3-none-any.whl.metadata (1.6 kB)
Using cached accelerate-1.13.0-py3-none-any.whl (383 kB)
Using cached datasets-5.0.0-py3-none-any.whl (555 kB)
Using cached flash_linear_attention-0.5.2-py3-none-any.whl (399 kB)
Downloading peft-0.19.1-py3-none-any.whl (680 kB)
   ━━━━━━━━━━━━━━━━━━━━━━━━━━━━━━━━━━━━━━━━ 680.7/680.7 kB 31.3 MB/s eta 0:00:00
Using cached transformers-5.10.2-py3-none-any.whl (11.0 MB)
Using cached fla_core-0.5.2-py3-none-any.whl (819 kB)
Downloading safetensors-0.7.0-cp38-abi3-manylinux_2_17_x86_64.manylinux2014_x86_64.whl (507 kB)
   ━━━━━━━━━━━━━━━━━━━━━━━━━━━━━━━━━━━━━━━━ 507.2/507.2 kB 29.7 MB/s eta 0:00:00
Downloading ninja-1.13.0-py3-none-manylinux2014_x86_64.manylinux_2_17_x86_64.whl (180 kB)
   ━━━━━━━━━━━━━━━━━━━━━━━━━━━━━━━━━━━━━━━━ 180.7/180.7 kB 10.4 MB/s eta 0:00:00
Using cached dill-0.4.1-py3-none-any.whl (120 kB)
Using cached fsspec-2026.4.0-py3-none-any.whl (203 kB)
Using cached httpx-0.28.1-py3-none-any.whl (73 kB)
Using cached httpcore-1.0.9-py3-none-any.whl (78 kB)
Downloading huggingface_hub-1.33.0-py3-none-any.whl (846 kB)
   ━━━━━━━━━━━━━━━━━━━━━━━━━━━━━━━━━━━━━━━━ 846.4/846.4 kB 35.8 MB/s eta 0:00:00
Downloading multiprocess-0.70.19-py311-none-any.whl (144 kB)
   ━━━━━━━━━━━━━━━━━━━━━━━━━━━━━━━━━━━━━━━━ 144.5/144.5 kB 9.3 MB/s eta 0:00:00
Using cached numpy-2.4.6-cp311-cp311-manylinux_2_27_x86_64.manylinux_2_28_x86_64.whl (16.9 MB)
Using cached packaging-26.3-py3-none-any.whl (129 kB)
Downloading pyarrow-25.0.1-cp311-cp311-manylinux_2_28_x86_64.whl (50.1 MB)
   ━━━━━━━━━━━━━━━━━━━━━━━━━━━━━━━━━━━━━━━━ 50.1/50.1 MB 62.5 MB/s eta 0:00:00
Using cached pyyaml-6.0.3-cp311-cp311-manylinux2014_x86_64.manylinux_2_17_x86_64.manylinux_2_28_x86_64.whl (806 kB)
Downloading regex-2026.9.29-cp311-cp311-manylinux2014_x86_64.manylinux_2_17_x86_64.manylinux_2_28_x86_64.whl (804 kB)
   ━━━━━━━━━━━━━━━━━━━━━━━━━━━━━━━━━━━━━━━━ 805.0/805.0 kB 25.5 MB/s eta 0:00:00
Using cached requests-2.34.2-py3-none-any.whl (73 kB)
Using cached tokenizers-0.22.2-cp39-abi3-manylinux_2_17_x86_64.manylinux2014_x86_64.whl (3.3 MB)
Using cached tqdm-4.70.1-py3-none-any.whl (80 kB)
Downloading pandas-3.0.6-cp311-cp311-manylinux_2_24_x86_64.manylinux_2_28_x86_64.whl (11.1 MB)
   ━━━━━━━━━━━━━━━━━━━━━━━━━━━━━━━━━━━━━━━━ 11.1/11.1 MB 126.3 MB/s eta 0:00:00
Using cached psutil-7.2.2-cp36-abi3-manylinux2010_x86_64.manylinux_2_12_x86_64.manylinux_2_28_x86_64.whl (155 kB)
Using cached typer-0.27.2-py3-none-any.whl (123 kB)
Downloading xxhash-4.0.1-cp311-cp311-manylinux2014_x86_64.manylinux_2_17_x86_64.manylinux_2_28_x86_64.whl (261 kB)
   ━━━━━━━━━━━━━━━━━━━━━━━━━━━━━━━━━━━━━━━━ 261.0/261.0 kB 20.3 MB/s eta 0:00:00
Using cached aiohttp-3.14.3-cp311-cp311-manylinux2014_x86_64.manylinux_2_17_x86_64.manylinux_2_28_x86_64.whl (1.8 MB)
Using cached annotated_doc-0.0.5-py3-none-any.whl (5.3 kB)
Using cached certifi-2026.7.22-py3-none-any.whl (136 kB)
Downloading charset_normalizer-3.5.2-cp311-cp311-manylinux2014_x86_64.manylinux_2_17_x86_64.manylinux_2_28_x86_64.whl (269 kB)
   ━━━━━━━━━━━━━━━━━━━━━━━━━━━━━━━━━━━━━━━━ 270.0/270.0 kB 15.9 MB/s eta 0:00:00
Using cached click-8.5.0-py3-none-any.whl (125 kB)
Using cached hf_xet-1.6.0-cp38-abi3-manylinux2014_x86_64.manylinux_2_17_x86_64.whl (4.5 MB)
Using cached idna-3.20-py3-none-any.whl (69 kB)
Using cached python_dateutil-2.9.0.post0-py2.py3-none-any.whl (229 kB)
Using cached rich-15.0.0-py3-none-any.whl (310 kB)
Using cached shellingham-1.5.4-py2.py3-none-any.whl (9.8 kB)
Using cached urllib3-2.8.0-py3-none-any.whl (135 kB)
Using cached anyio-4.15.1-py3-none-any.whl (132 kB)
Using cached einops-0.8.2-py3-none-any.whl (65 kB)
Using cached aiohappyeyeballs-2.7.1-py3-none-any.whl (15 kB)
Using cached aiosignal-1.4.0-py3-none-any.whl (7.5 kB)
Using cached attrs-26.1.0-py3-none-any.whl (67 kB)
Using cached frozenlist-1.8.0-cp311-cp311-manylinux1_x86_64.manylinux_2_28_x86_64.manylinux_2_5_x86_64.whl (231 kB)
Using cached h11-0.16.0-py3-none-any.whl (37 kB)
Using cached markdown_it_py-4.2.0-py3-none-any.whl (91 kB)
Downloading multidict-6.9.1-cp311-cp311-manylinux2014_x86_64.manylinux_2_17_x86_64.manylinux_2_28_x86_64.whl (320 kB)
   ━━━━━━━━━━━━━━━━━━━━━━━━━━━━━━━━━━━━━━━━ 320.7/320.7 kB 17.3 MB/s eta 0:00:00
Downloading propcache-0.5.4-cp311-cp311-manylinux2014_x86_64.manylinux_2_17_x86_64.manylinux_2_28_x86_64.whl (235 kB)
   ━━━━━━━━━━━━━━━━━━━━━━━━━━━━━━━━━━━━━━━━ 235.4/235.4 kB 12.1 MB/s eta 0:00:00
Using cached pygments-2.21.0-py3-none-any.whl (1.3 MB)
Using cached six-1.17.0-py2.py3-none-any.whl (11 kB)
Downloading yarl-1.25.1-cp311-cp311-manylinux2014_x86_64.manylinux_2_17_x86_64.manylinux_2_28_x86_64.whl (117 kB)
   ━━━━━━━━━━━━━━━━━━━━━━━━━━━━━━━━━━━━━━━━ 117.7/117.7 kB 6.6 MB/s eta 0:00:00
Using cached mdurl-0.1.2-py3-none-any.whl (10.0 kB)
Installing collected packages: xxhash, urllib3, tqdm, six, shellingham, safetensors, regex, pyyaml, pygments, pyarrow, psutil, propcache, packaging, open-jev, numpy, ninja, multidict, mdurl, idna, hf-xet, h11, fsspec, frozenlist, einops, dill, click, charset_normalizer, certifi, attrs, annotated-doc, aiohappyeyeballs, yarl, requests, python-dateutil, multiprocess, markdown-it-py, httpcore, fla-core, anyio, aiosignal, rich, pandas, httpx, aiohttp, typer, huggingface_hub, tokenizers, datasets, accelerate, transformers, peft, flash-linear-attention
  Attempting uninstall: fsspec
    Found existing installation: fsspec 2026.7.0
    Uninstalling fsspec-2026.7.0:
      Successfully uninstalled fsspec-2026.7.0
Successfully installed accelerate-1.13.0 aiohappyeyeballs-2.7.1 aiohttp-3.14.3 aiosignal-1.4.0 annotated-doc-0.0.5 anyio-4.15.1 attrs-26.1.0 certifi-2026.7.22 charset_normalizer-3.5.2 click-8.5.0 datasets-5.0.0 dill-0.4.1 einops-0.8.2 fla-core-0.5.2 flash-linear-attention-0.5.2 frozenlist-1.8.0 fsspec-2026.4.0 h11-0.16.0 hf-xet-1.6.0 httpcore-1.0.9 httpx-0.28.1 huggingface_hub-1.33.0 idna-3.20 markdown-it-py-4.2.0 mdurl-0.1.2 multidict-6.9.1 multiprocess-0.70.19 ninja-1.13.0 numpy-2.4.6 open-jev-0.1.0.dev0 packaging-26.3 pandas-3.0.6 peft-0.19.1 propcache-0.5.4 psutil-7.2.2 pyarrow-25.0.1 pygments-2.21.0 python-dateutil-2.9.0.post0 pyyaml-6.0.3 regex-2026.9.29 requests-2.34.2 rich-15.0.0 safetensors-0.7.0 shellingham-1.5.4 six-1.17.0 tokenizers-0.22.2 tqdm-4.70.1 transformers-5.10.2 typer-0.27.2 urllib3-2.8.0 xxhash-4.0.1 yarl-1.25.1

[notice] A new release of pip is available: 24.0 -> 26.2.1
[notice] To update, run: <private-path-sha256:7d75c75f4d26c92f>/venv/bin/python -m pip install --upgrade pip
