<private-path-sha256:7d75c75f4d26c92f>/venv/lib/python3.11/site-packages/fla/utils/_device.py:100: UserWarning: Triton is not supported on current platform, roll back to CPU.
  _cpu_device_warning()
{
  "status": "passed",
  "python": "3.11.15",
  "platform": "Linux-5.15.0-1102-azure-x86_64-with-glibc2.35",
  "torch": "2.8.0+cu128",
  "torch_build_cuda": "12.8",
  "cuda_visible_devices": "",
  "cuda_initialized": false,
  "cpu_matrix_check": "passed",
  "cpu_reference_score_check": "passed",
  "system_site_packages": false,
  "user_site_enabled": false,
  "pythonpath_present": false,
  "sys_prefix_matches_base": false,
  "base_prefix_sha256": "db563fa59935af54546133db5414696cea268a5abd216896fc3e99be28ad8c12",
  "imports": {
    "jev.server": "lib/python3.11/site-packages/jev/server.py",
    "jev.fast_backend": "lib/python3.11/site-packages/jev/fast_backend.py",
    "jev.kernels.final_score": "lib/python3.11/site-packages/jev/kernels/final_score.py",
    "transformers": "lib/python3.11/site-packages/transformers/__init__.py",
    "peft": "lib/python3.11/site-packages/peft/__init__.py",
    "accelerate": "lib/python3.11/site-packages/accelerate/__init__.py",
    "datasets": "lib/python3.11/site-packages/datasets/__init__.py",
    "triton": "lib/python3.11/site-packages/triton/__init__.py",
    "ninja": "lib/python3.11/site-packages/ninja/__init__.py",
    "safetensors": "lib/python3.11/site-packages/safetensors/__init__.py",
    "fla.ops.gated_delta_rule": "lib/python3.11/site-packages/fla/ops/gated_delta_rule/__init__.py",
    "fla.ops.gated_delta_rule.chunk_fwd": "lib/python3.11/site-packages/fla/ops/gated_delta_rule/chunk_fwd.py",
    "fla.ops.common.chunk_delta_h": "lib/python3.11/site-packages/fla/ops/common/chunk_delta_h.py",
    "fla.ops.common.chunk_o": "lib/python3.11/site-packages/fla/ops/common/chunk_o.py",
    "fla.ops.gated_delta_rule.wy_fast": "lib/python3.11/site-packages/fla/ops/gated_delta_rule/wy_fast.py",
    "fla.ops.utils.constant": "lib/python3.11/site-packages/fla/ops/utils/constant.py"
  },
  "required_fla_symbols": {
    "fla.ops.gated_delta_rule": [
      "chunk_gated_delta_rule"
    ],
    "fla.ops.utils": [
      "chunk_local_cumsum"
    ],
    "fla.ops.utils.constant": [
      "RCP_LN2"
    ],
    "fla.ops.gated_delta_rule.chunk_fwd": [
      "chunk_gated_delta_rule_fwd_intra",
      "chunk_gated_delta_rule_fwd_kkt_solve_kernel"
    ],
    "fla.ops.common.chunk_delta_h": [
      "chunk_gated_delta_rule_fwd_h"
    ],
    "fla.ops.common.chunk_o": [
      "chunk_fwd_o"
    ],
    "fla.ops.gated_delta_rule.wy_fast": [
      "recompute_w_u_fwd"
    ]
  },
  "wheel_resources": {
    "LICENSE": {
      "bytes": 1065,
      "sha256": "bea034f66826696e955acdb1707e766e60a218be18a223b9f74f99bdf119aa1c"
    },
    "THIRD_PARTY_NOTICES.md": {
      "bytes": 6988,
      "sha256": "6fd88d7cafc9219c32187e5397e9fc24a5fb21b7c5bacdb1743f6f28700d248d"
    },
    "PROVENANCE.json": {
      "bytes": 1617,
      "sha256": "361ecad0c53ff249455a5b7eed8e46d42c220008e04d5fddd69a3d33f5c258e8"
    },
    "src/kernels.cu": {
      "bytes": 243235,
      "sha256": "f8b69cda5b96d50f6f5cff37650a80d907cb8ae64bdee2057011feb8bee5954f"
    },
    "src/lt.cpp": {
      "bytes": 13038,
      "sha256": "1c0e532a94ecd0e15b396ce896ef2a624185292efcd2e0da44eb76efabfd94c2"
    },
    "src/ext.py": {
      "bytes": 8005,
      "sha256": "96edc7dfd507750f5c2c6adbcb5a0ec75f849f74dac726eb8a98c9c470a1bb04"
    },
    "src/fastmodel.py": {
      "bytes": 34971,
      "sha256": "0177bb0297cc36ca792f7ed6749278f997e00df61790a502f497b091ea164508"
    }
  },
  "distributions": [
    {
      "name": "accelerate",
      "version": "1.13.0",
      "location": "lib/python3.11/site-packages"
    },
    {
      "name": "aiohappyeyeballs",
      "version": "2.7.1",
      "location": "lib/python3.11/site-packages"
    },
    {
      "name": "aiohttp",
      "version": "3.14.3",
      "location": "lib/python3.11/site-packages"
    },
    {
      "name": "aiosignal",
      "version": "1.4.0",
      "location": "lib/python3.11/site-packages"
    },
    {
      "name": "annotated-doc",
      "version": "0.0.5",
      "location": "lib/python3.11/site-packages"
    },
    {
      "name": "anyio",
      "version": "4.15.1",
      "location": "lib/python3.11/site-packages"
    },
    {
      "name": "attrs",
      "version": "26.1.0",
      "location": "lib/python3.11/site-packages"
    },
    {
      "name": "certifi",
      "version": "2026.7.22",
      "location": "lib/python3.11/site-packages"
    },
    {
      "name": "charset-normalizer",
      "version": "3.5.2",
      "location": "lib/python3.11/site-packages"
    },
    {
      "name": "click",
      "version": "8.5.0",
      "location": "lib/python3.11/site-packages"
    },
    {
      "name": "datasets",
      "version": "5.0.0",
      "location": "lib/python3.11/site-packages"
    },
    {
      "name": "dill",
      "version": "0.4.1",
      "location": "lib/python3.11/site-packages"
    },
    {
      "name": "einops",
      "version": "0.8.2",
      "location": "lib/python3.11/site-packages"
    },
    {
      "name": "filelock",
      "version": "3.32.3",
      "location": "lib/python3.11/site-packages"
    },
    {
      "name": "fla-core",
      "version": "0.5.2",
      "location": "lib/python3.11/site-packages"
    },
    {
      "name": "flash-linear-attention",
      "version": "0.5.2",
      "location": "lib/python3.11/site-packages"
    },
    {
      "name": "frozenlist",
      "version": "1.8.0",
      "location": "lib/python3.11/site-packages"
    },
    {
      "name": "fsspec",
      "version": "2026.4.0",
      "location": "lib/python3.11/site-packages"
    },
    {
      "name": "h11",
      "version": "0.16.0",
      "location": "lib/python3.11/site-packages"
    },
    {
      "name": "hf-xet",
      "version": "1.6.0",
      "location": "lib/python3.11/site-packages"
    },
    {
      "name": "httpcore",
      "version": "1.0.9",
      "location": "lib/python3.11/site-packages"
    },
    {
      "name": "httpx",
      "version": "0.28.1",
      "location": "lib/python3.11/site-packages"
    },
    {
      "name": "huggingface_hub",
      "version": "1.33.0",
      "location": "lib/python3.11/site-packages"
    },
    {
      "name": "idna",
      "version": "3.20",
      "location": "lib/python3.11/site-packages"
    },
    {
      "name": "Jinja2",
      "version": "3.1.6",
      "location": "lib/python3.11/site-packages"
    },
    {
      "name": "markdown-it-py",
      "version": "4.2.0",
      "location": "lib/python3.11/site-packages"
    },
    {
      "name": "MarkupSafe",
      "version": "3.0.3",
      "location": "lib/python3.11/site-packages"
    },
    {
      "name": "mdurl",
      "version": "0.1.2",
      "location": "lib/python3.11/site-packages"
    },
    {
      "name": "mpmath",
      "version": "1.3.0",
      "location": "lib/python3.11/site-packages"
    },
    {
      "name": "multidict",
      "version": "6.9.1",
      "location": "lib/python3.11/site-packages"
    },
    {
      "name": "multiprocess",
      "version": "0.70.19",
      "location": "lib/python3.11/site-packages"
    },
    {
      "name": "networkx",
      "version": "3.6.1",
      "location": "lib/python3.11/site-packages"
    },
    {
      "name": "ninja",
      "version": "1.13.0",
      "location": "lib/python3.11/site-packages"
    },
    {
      "name": "numpy",
      "version": "2.4.6",
      "location": "lib/python3.11/site-packages"
    },
    {
      "name": "nvidia-cublas-cu12",
      "version": "12.8.4.1",
      "location": "lib/python3.11/site-packages"
    },
    {
      "name": "nvidia-cuda-cupti-cu12",
      "version": "12.8.90",
      "location": "lib/python3.11/site-packages"
    },
    {
      "name": "nvidia-cuda-nvrtc-cu12",
      "version": "12.8.93",
      "location": "lib/python3.11/site-packages"
    },
    {
      "name": "nvidia-cuda-runtime-cu12",
      "version": "12.8.90",
      "location": "lib/python3.11/site-packages"
    },
    {
      "name": "nvidia-cudnn-cu12",
      "version": "9.10.2.21",
      "location": "lib/python3.11/site-packages"
    },
    {
      "name": "nvidia-cufft-cu12",
      "version": "11.3.3.83",
      "location": "lib/python3.11/site-packages"
    },
    {
      "name": "nvidia-cufile-cu12",
      "version": "1.13.1.3",
      "location": "lib/python3.11/site-packages"
    },
    {
      "name": "nvidia-curand-cu12",
      "version": "10.3.9.90",
      "location": "lib/python3.11/site-packages"
    },
    {
      "name": "nvidia-cusolver-cu12",
      "version": "11.7.3.90",
      "location": "lib/python3.11/site-packages"
    },
    {
      "name": "nvidia-cusparse-cu12",
      "version": "12.5.8.93",
      "location": "lib/python3.11/site-packages"
    },
    {
      "name": "nvidia-cusparselt-cu12",
      "version": "0.7.1",
      "location": "lib/python3.11/site-packages"
    },
    {
      "name": "nvidia-nccl-cu12",
      "version": "2.27.3",
      "location": "lib/python3.11/site-packages"
    },
    {
      "name": "nvidia-nvjitlink-cu12",
      "version": "12.8.93",
      "location": "lib/python3.11/site-packages"
    },
    {
      "name": "nvidia-nvtx-cu12",
      "version": "12.8.90",
      "location": "lib/python3.11/site-packages"
    },
    {
      "name": "open-jev",
      "version": "0.1.0.dev0",
      "location": "lib/python3.11/site-packages"
    },
    {
      "name": "packaging",
      "version": "26.3",
      "location": "lib/python3.11/site-packages"
    },
    {
      "name": "pandas",
      "version": "3.0.6",
      "location": "lib/python3.11/site-packages"
    },
    {
      "name": "peft",
      "version": "0.19.1",
      "location": "lib/python3.11/site-packages"
    },
    {
      "name": "pip",
      "version": "24.0",
      "location": "lib/python3.11/site-packages"
    },
    {
      "name": "propcache",
      "version": "0.5.4",
      "location": "lib/python3.11/site-packages"
    },
    {
      "name": "psutil",
      "version": "7.2.2",
      "location": "lib/python3.11/site-packages"
    },
    {
      "name": "pyarrow",
      "version": "25.0.1",
      "location": "lib/python3.11/site-packages"
    },
    {
      "name": "Pygments",
      "version": "2.21.0",
      "location": "lib/python3.11/site-packages"
    },
    {
      "name": "python-dateutil",
      "version": "2.9.0.post0",
      "location": "lib/python3.11/site-packages"
    },
    {
      "name": "PyYAML",
      "version": "6.0.3",
      "location": "lib/python3.11/site-packages"
    },
    {
      "name": "regex",
      "version": "2026.9.29",
      "location": "lib/python3.11/site-packages"
    },
    {
      "name": "requests",
      "version": "2.34.2",
      "location": "lib/python3.11/site-packages"
    },
    {
      "name": "rich",
      "version": "15.0.0",
      "location": "lib/python3.11/site-packages"
    },
    {
      "name": "safetensors",
      "version": "0.7.0",
      "location": "lib/python3.11/site-packages"
    },
    {
      "name": "setuptools",
      "version": "79.0.1",
      "location": "lib/python3.11/site-packages"
    },
    {
      "name": "shellingham",
      "version": "1.5.4",
      "location": "lib/python3.11/site-packages"
    },
    {
      "name": "six",
      "version": "1.17.0",
      "location": "lib/python3.11/site-packages"
    },
    {
      "name": "sympy",
      "version": "1.14.0",
      "location": "lib/python3.11/site-packages"
    },
    {
      "name": "tokenizers",
      "version": "0.22.2",
      "location": "lib/python3.11/site-packages"
    },
    {
      "name": "torch",
      "version": "2.8.0+cu128",
      "location": "lib/python3.11/site-packages"
    },
    {
      "name": "tqdm",
      "version": "4.70.1",
      "location": "lib/python3.11/site-packages"
    },
    {
      "name": "transformers",
      "version": "5.10.2",
      "location": "lib/python3.11/site-packages"
    },
    {
      "name": "triton",
      "version": "3.4.0",
      "location": "lib/python3.11/site-packages"
    },
    {
      "name": "typer",
      "version": "0.27.2",
      "location": "lib/python3.11/site-packages"
    },
    {
      "name": "typing_extensions",
      "version": "4.16.0",
      "location": "lib/python3.11/site-packages"
    },
    {
      "name": "urllib3",
      "version": "2.8.0",
      "location": "lib/python3.11/site-packages"
    },
    {
      "name": "xxhash",
      "version": "4.0.1",
      "location": "lib/python3.11/site-packages"
    },
    {
      "name": "yarl",
      "version": "1.25.1",
      "location": "lib/python3.11/site-packages"
    }
  ],
  "model_weights_loaded": false,
  "kernel_execution_verified": false
}
